[    0.000000] Linux version 6.12.103 (ashura@Ashurra) (gcc (Ubuntu 15.2.0-16ubuntu1) 15.2.0, GNU ld (GNU Binutils for Ubuntu) 2.46) #2 SMP PREEMPT_DYNAMIC Tue Aug 18 02:41:23 UTC 2026
[    0.000000] Command line: console=ttyS0
[    0.000000] BIOS-provided physical RAM map:
[    0.000000] BIOS-e820: [mem 0x0000000000000000-0x000000000009fbff] usable
[    0.000000] BIOS-e820: [mem 0x000000000009fc00-0x000000000009ffff] reserved
[    0.000000] BIOS-e820: [mem 0x00000000000f0000-0x00000000000fffff] reserved
[    0.000000] BIOS-e820: [mem 0x0000000000100000-0x000000001ffdffff] usable
[    0.000000] BIOS-e820: [mem 0x000000001ffe0000-0x000000001fffffff] reserved
[    0.000000] BIOS-e820: [mem 0x00000000fffc0000-0x00000000ffffffff] reserved
[    0.000000] BIOS-e820: [mem 0x000000fd00000000-0x000000ffffffffff] reserved
[    0.000000] NX (Execute Disable) protection: active
[    0.000000] APIC: Static calls initialized
[    0.000000] SMBIOS 2.8 present.
[    0.000000] DMI: QEMU Standard PC (i440FX + PIIX, 1996), BIOS rel-1.17.0-0-gb52ca86e094d-prebuilt.qemu.org 04/01/2014
[    0.000000] DMI: Memory slots populated: 1/1
[    0.000000] tsc: Fast TSC calibration using PIT
[    0.000000] tsc: Detected 1689.623 MHz processor
[    0.010479] last_pfn = 0x1ffe0 max_arch_pfn = 0x400000000
[    0.011233] MTRR map: 4 entries (3 fixed + 1 variable; max 19), built from 8 variable MTRRs
[    0.011423] x86/PAT: Configuration [0-7]: WB  WC  UC- UC  WB  WP  UC- WT  
[    0.032754] found SMP MP-table at [mem 0x000f54c0-0x000f54cf]
[    0.034624] Using GB pages for direct mapping
[    0.038437] RAMDISK: [mem 0x1fe9a000-0x1ffdffff]
[    0.039015] ACPI: Early table checksum verification disabled
[    0.039448] ACPI: RSDP 0x00000000000F52E0 000014 (v00 BOCHS )
[    0.039846] ACPI: RSDT 0x000000001FFE2328 000034 (v01 BOCHS  BXPC     00000001 BXPC 00000001)
[    0.040541] ACPI: FACP 0x000000001FFE21DC 000074 (v01 BOCHS  BXPC     00000001 BXPC 00000001)
[    0.041315] ACPI: DSDT 0x000000001FFE0040 00219C (v01 BOCHS  BXPC     00000001 BXPC 00000001)
[    0.041408] ACPI: FACS 0x000000001FFE0000 000040
[    0.041469] ACPI: APIC 0x000000001FFE2250 000078 (v03 BOCHS  BXPC     00000001 BXPC 00000001)
[    0.041492] ACPI: HPET 0x000000001FFE22C8 000038 (v01 BOCHS  BXPC     00000001 BXPC 00000001)
[    0.041513] ACPI: WAET 0x000000001FFE2300 000028 (v01 BOCHS  BXPC     00000001 BXPC 00000001)
[    0.041596] ACPI: Reserving FACP table memory at [mem 0x1ffe21dc-0x1ffe224f]
[    0.041624] ACPI: Reserving DSDT table memory at [mem 0x1ffe0040-0x1ffe21db]
[    0.041631] ACPI: Reserving FACS table memory at [mem 0x1ffe0000-0x1ffe003f]
[    0.041637] ACPI: Reserving APIC table memory at [mem 0x1ffe2250-0x1ffe22c7]
[    0.041643] ACPI: Reserving HPET table memory at [mem 0x1ffe22c8-0x1ffe22ff]
[    0.041649] ACPI: Reserving WAET table memory at [mem 0x1ffe2300-0x1ffe2327]
[    0.044279] No NUMA configuration found
[    0.044304] Faking a node at [mem 0x0000000000000000-0x000000001ffdffff]
[    0.045115] NODE_DATA(0) allocated [mem 0x1fe96940-0x1fe99fff]
[    0.047276] Zone ranges:
[    0.047305]   DMA      [mem 0x0000000000001000-0x0000000000ffffff]
[    0.047397]   DMA32    [mem 0x0000000001000000-0x000000001ffdffff]
[    0.047408]   Normal   empty
[    0.047429] Movable zone start for each node
[    0.047466] Early memory node ranges
[    0.047501]   node   0: [mem 0x0000000000001000-0x000000000009efff]
[    0.047721]   node   0: [mem 0x0000000000100000-0x000000001ffdffff]
[    0.047895] Initmem setup node 0 [mem 0x0000000000001000-0x000000001ffdffff]
[    0.048899] On node 0, zone DMA: 1 pages in unavailable ranges
[    0.049318] On node 0, zone DMA: 97 pages in unavailable ranges
[    0.056041] On node 0, zone DMA32: 32 pages in unavailable ranges
[    0.056580] ACPI: PM-Timer IO Port: 0x608
[    0.057045] ACPI: LAPIC_NMI (acpi_id[0xff] dfl dfl lint[0x1])
[    0.057548] IOAPIC[0]: apic_id 0, version 32, address 0xfec00000, GSI 0-23
[    0.057699] ACPI: INT_SRC_OVR (bus 0 bus_irq 0 global_irq 2 dfl dfl)
[    0.057996] ACPI: INT_SRC_OVR (bus 0 bus_irq 5 global_irq 5 high level)
[    0.058046] ACPI: INT_SRC_OVR (bus 0 bus_irq 9 global_irq 9 high level)
[    0.058162] ACPI: INT_SRC_OVR (bus 0 bus_irq 10 global_irq 10 high level)
[    0.058172] ACPI: INT_SRC_OVR (bus 0 bus_irq 11 global_irq 11 high level)
[    0.058390] ACPI: Using ACPI (MADT) for SMP configuration information
[    0.058442] ACPI: HPET id: 0x8086a201 base: 0xfed00000
[    0.058894] CPU topo: Max. logical packages:   1
[    0.058907] CPU topo: Max. logical dies:       1
[    0.058918] CPU topo: Max. dies per package:   1
[    0.058979] CPU topo: Max. threads per core:   1
[    0.059175] CPU topo: Num. cores per package:     1
[    0.059195] CPU topo: Num. threads per package:   1
[    0.059205] CPU topo: Allowing 1 present CPUs plus 0 hotplug CPUs
[    0.060244] PM: hibernation: Registered nosave memory: [mem 0x00000000-0x00000fff]
[    0.060277] PM: hibernation: Registered nosave memory: [mem 0x0009f000-0x000fffff]
[    0.060427] [mem 0x20000000-0xfffbffff] available for PCI devices
[    0.060481] Booting paravirtualized kernel on bare hardware
[    0.060915] clocksource: refined-jiffies: mask: 0xffffffff max_cycles: 0xffffffff, max_idle_ns: 1910969940391419 ns
[    0.071625] setup_percpu: NR_CPUS:64 nr_cpumask_bits:1 nr_cpu_ids:1 nr_node_ids:1
[    0.073607] percpu: Embedded 54 pages/cpu s188440 r0 d32744 u2097152
[    0.075847] Kernel command line: console=ttyS0
[    0.077481] random: crng init done
[    0.077950] Dentry cache hash table entries: 65536 (order: 7, 524288 bytes, linear)
[    0.078149] Inode-cache hash table entries: 32768 (order: 6, 262144 bytes, linear)
[    0.081206] Fallback order for Node 0: 0 
[    0.081573] Built 1 zonelists, mobility grouping on.  Total pages: 130942
[    0.081596] Policy zone: DMA32
[    0.081907] mem auto-init: stack:all(zero), heap alloc:off, heap free:off
[    0.092035] SLUB: HWalign=64, Order=0-3, MinObjects=0, CPUs=1, Nodes=1
[    0.104229] Dynamic Preempt: voluntary
[    0.108346] rcu: Preemptible hierarchical RCU implementation.
[    0.108358] rcu: 	RCU event tracing is enabled.
[    0.108387] rcu: 	RCU restricting CPUs from NR_CPUS=64 to nr_cpu_ids=1.
[    0.108569] 	Trampoline variant of Tasks RCU enabled.
[    0.108580] 	Tracing variant of Tasks RCU enabled.
[    0.108692] rcu: RCU calculated value of scheduler-enlistment delay is 100 jiffies.
[    0.108729] rcu: Adjusting geometry for rcu_fanout_leaf=16, nr_cpu_ids=1
[    0.110119] RCU Tasks: Setting shift to 0 and lim to 1 rcu_task_cb_adjust=1 rcu_task_cpu_ids=1.
[    0.110167] RCU Tasks Trace: Setting shift to 0 and lim to 1 rcu_task_cb_adjust=1 rcu_task_cpu_ids=1.
[    0.118994] NR_IRQS: 4352, nr_irqs: 256, preallocated irqs: 16
[    0.129878] rcu: srcu_init: Setting srcu_struct sizes based on contention.
[    0.130745] clocksource: jiffies: mask: 0xffffffff max_cycles: 0xffffffff, max_idle_ns: 1911260446275000 ns
[    0.138576] Console: colour VGA+ 80x25
[    0.141035] printk: legacy console [ttyS0] enabled
[    0.253904] ACPI: Core revision 20240827
[    0.260880] clocksource: hpet: mask: 0xffffffff max_cycles: 0xffffffff, max_idle_ns: 19112604467 ns
[    0.268970] APIC: Switch to symmetric I/O mode setup
[    0.275535] ..TIMER: vector=0x30 apic1=0 pin1=2 apic2=-1 pin2=-1
[    0.285796] clocksource: tsc-early: mask: 0xffffffffffffffff max_cycles: 0x185adc86850, max_idle_ns: 440795275821 ns
[    0.288140] Calibrating delay loop (skipped), value calculated using timer frequency.. 3379.24 BogoMIPS (lpj=1689623)
[    0.290751] x86/cpu: User Mode Instruction Prevention (UMIP) activated
[    0.299598] Last level iTLB entries: 4KB 0, 2MB 0, 4MB 0
[    0.299806] Last level dTLB entries: 4KB 0, 2MB 0, 4MB 0, 1GB 0
[    0.301751] Spectre V1 : Mitigation: usercopy/swapgs barriers and __user pointer sanitization
[    0.302215] Spectre V2 : Mitigation: Retpolines
[    0.302799] Spectre V2 : Spectre v2 / SpectreRSB: Filling RSB on context switch and VMEXIT
[    0.303751] Speculative Store Bypass: Vulnerable
[    0.308125] x86/fpu: Supporting XSAVE feature 0x001: 'x87 floating point registers'
[    0.310145] x86/fpu: Supporting XSAVE feature 0x002: 'SSE registers'
[    0.310751] x86/fpu: Supporting XSAVE feature 0x004: 'AVX registers'
[    0.310803] x86/fpu: Supporting XSAVE feature 0x008: 'MPX bounds registers'
[    0.311751] x86/fpu: Supporting XSAVE feature 0x010: 'MPX CSR'
[    0.312805] x86/fpu: Supporting XSAVE feature 0x200: 'Protection Keys User registers'
[    0.313927] x86/fpu: xstate_offset[2]:  576, xstate_sizes[2]:  256
[    0.314751] x86/fpu: xstate_offset[3]:  960, xstate_sizes[3]:   64
[    0.314751] x86/fpu: xstate_offset[4]: 1024, xstate_sizes[4]:   64
[    0.315718] x86/fpu: xstate_offset[9]: 2688, xstate_sizes[9]:    8
[    0.315789] x86/fpu: Enabled xstate features 0x21f, context size is 2696 bytes, using 'standard' format.
[    0.494751] Freeing SMP alternatives memory: 32K
[    0.496168] pid_max: default: 32768 minimum: 301
[    0.499751] LSM: initializing lsm=capability
[    0.502937] Mount-cache hash table entries: 1024 (order: 1, 8192 bytes, linear)
[    0.503931] Mountpoint-cache hash table entries: 1024 (order: 1, 8192 bytes, linear)
[    0.596751] smpboot: CPU0: AMD QEMU TCG CPU version 2.5+ (family: 0x6, model: 0x6, stepping: 0x3)
[    0.606984] Performance Events: PMU not available due to virtualization, using software events only.
[    0.609289] signal: max sigframe size: 3632
[    0.610751] rcu: Hierarchical SRCU implementation.
[    0.610813] rcu: 	Max phase no-delay instances is 400.
[    0.617751] smp: Bringing up secondary CPUs ...
[    0.619496] smp: Brought up 1 node, 1 CPU
[    0.619964] smpboot: Total of 1 processors activated (3379.24 BogoMIPS)
[    0.627751] Memory: 479136K/523768K available (14336K kernel code, 2035K rwdata, 4436K rodata, 3460K init, 1136K bss, 41912K reserved, 0K cma-reserved)
[    0.634352] devtmpfs: initialized
[    0.642278] futex hash table entries: 256 (order: 2, 16384 bytes, linear)
[    0.645751] PM: RTC time: 14:04:36, date: 2026-08-18
[    0.651084] thermal_sys: Registered thermal governor 'step_wise'
[    0.651146] thermal_sys: Registered thermal governor 'user_space'
[    0.651751] cpuidle: using governor menu
[    0.656067] PCI: Using configuration type 1 for base access
[    0.659213] kprobes: kprobe jump-optimization is enabled. All kprobes are optimized if possible.
[    0.666207] HugeTLB: registered 2.00 MiB page size, pre-allocated 0 pages
[    0.666751] HugeTLB: 28 KiB vmemmap can be freed for a 2.00 MiB page
[    0.693751] ACPI: Added _OSI(Module Device)
[    0.693751] ACPI: Added _OSI(Processor Device)
[    0.693751] ACPI: Added _OSI(Processor Aggregator Device)
[    0.737955] ACPI: 1 ACPI AML tables successfully acquired and loaded
[    0.768751] ACPI: Interpreter enabled
[    0.770873] ACPI: PM: (supports S0 S3 S4 S5)
[    0.773428] ACPI: Using IOAPIC for interrupt routing
[    0.774643] PCI: Using host bridge windows from ACPI; if necessary, use "pci=nocrs" and report a bug
[    0.774934] PCI: Using E820 reservations for host bridge windows
[    0.777751] ACPI: Enabled 2 GPEs in block 00 to 0F
[    0.812479] ACPI: PCI Root Bridge [PCI0] (domain 0000 [bus 00-ff])
[    0.813394] acpi PNP0A03:00: _OSC: OS supports [ASPM ClockPM Segments MSI HPX-Type3]
[    0.813878] acpi PNP0A03:00: _OSC: not requesting OS control; OS requires [ExtendedConfig ASPM ClockPM MSI]
[    0.815717] acpi PNP0A03:00: fail to add MMCONFIG information, can't access extended configuration space under this bridge
[    0.820751] PCI host bridge to bus 0000:00
[    0.821121] pci_bus 0000:00: root bus resource [io  0x0000-0x0cf7 window]
[    0.821751] pci_bus 0000:00: root bus resource [io  0x0d00-0xffff window]
[    0.821751] pci_bus 0000:00: root bus resource [mem 0x000a0000-0x000bffff window]
[    0.822751] pci_bus 0000:00: root bus resource [mem 0x20000000-0xfebfffff window]
[    0.822785] pci_bus 0000:00: root bus resource [mem 0x100000000-0x17fffffff window]
[    0.824024] pci_bus 0000:00: root bus resource [bus 00-ff]
[    0.827099] pci 0000:00:00.0: [8086:1237] type 00 class 0x060000 conventional PCI endpoint
[    0.830751] pci 0000:00:01.0: [8086:7000] type 00 class 0x060100 conventional PCI endpoint
[    0.831963] pci 0000:00:01.1: [8086:7010] type 00 class 0x010180 conventional PCI endpoint
[    0.834063] pci 0000:00:01.1: BAR 4 [io  0xc040-0xc04f]
[    0.835134] pci 0000:00:01.1: BAR 0 [io  0x01f0-0x01f7]: legacy IDE quirk
[    0.835874] pci 0000:00:01.1: BAR 1 [io  0x03f6]: legacy IDE quirk
[    0.836816] pci 0000:00:01.1: BAR 2 [io  0x0170-0x0177]: legacy IDE quirk
[    0.837751] pci 0000:00:01.1: BAR 3 [io  0x0376]: legacy IDE quirk
[    0.839308] pci 0000:00:01.3: [8086:7113] type 00 class 0x068000 conventional PCI endpoint
[    0.840871] pci 0000:00:01.3: quirk: [io  0x0600-0x063f] claimed by PIIX4 ACPI
[    0.841751] pci 0000:00:01.3: quirk: [io  0x0700-0x070f] claimed by PIIX4 SMB
[    0.842517] pci 0000:00:02.0: [1234:1111] type 00 class 0x030000 conventional PCI endpoint
[    0.844287] pci 0000:00:02.0: BAR 0 [mem 0xfd000000-0xfdffffff pref]
[    0.845821] pci 0000:00:02.0: BAR 2 [mem 0xfebf0000-0xfebf0fff]
[    0.847447] pci 0000:00:02.0: ROM [mem 0xfebe0000-0xfebeffff pref]
[    0.848060] pci 0000:00:02.0: Video device with shadowed ROM at [mem 0x000c0000-0x000dffff]
[    0.849116] pci 0000:00:03.0: [8086:100e] type 00 class 0x020000 conventional PCI endpoint
[    0.850816] pci 0000:00:03.0: BAR 0 [mem 0xfebc0000-0xfebdffff]
[    0.851751] pci 0000:00:03.0: BAR 1 [io  0xc000-0xc03f]
[    0.854502] pci 0000:00:03.0: ROM [mem 0xfeb80000-0xfebbffff pref]
[    0.861751] ACPI: PCI: Interrupt link LNKA configured for IRQ 10
[    0.862514] ACPI: PCI: Interrupt link LNKB configured for IRQ 10
[    0.864218] ACPI: PCI: Interrupt link LNKC configured for IRQ 11
[    0.865067] ACPI: PCI: Interrupt link LNKD configured for IRQ 11
[    0.865751] ACPI: PCI: Interrupt link LNKS configured for IRQ 9
[    0.869227] iommu: Default domain type: Translated
[    0.869751] iommu: DMA domain TLB invalidation policy: lazy mode
[    0.871207] SCSI subsystem initialized
[    0.872523] pps_core: LinuxPPS API ver. 1 registered
[    0.872827] pps_core: Software ver. 5.3.6 - Copyright 2005-2007 Rodolfo Giometti <giometti@linux.it>
[    0.875055] PCI: Using ACPI for IRQ routing
[    0.878737] pci 0000:00:02.0: vgaarb: setting as boot VGA device
[    0.878751] pci 0000:00:02.0: vgaarb: bridge control possible
[    0.878751] pci 0000:00:02.0: vgaarb: VGA device added: decodes=io+mem,owns=io+mem,locks=none
[    0.878823] vgaarb: loaded
[    0.880608] hpet0: at MMIO 0xfed00000, IRQs 2, 8, 0
[    0.880886] hpet0: 3 comparators, 64-bit 100.000000 MHz counter
[    0.885512] clocksource: Switched to clocksource tsc-early
[    0.893122] VFS: Disk quotas dquot_6.6.0
[    0.895935] VFS: Dquot-cache hash table entries: 512 (order 0, 4096 bytes)
[    0.899724] ACPI: Failed to create genetlink family for ACPI event
[    0.900463] pnp: PnP ACPI init
[    0.906040] pnp: PnP ACPI: found 6 devices
[    0.934798] clocksource: acpi_pm: mask: 0xffffff max_cycles: 0xffffff, max_idle_ns: 2085701024 ns
[    0.937585] pci_bus 0000:00: resource 4 [io  0x0000-0x0cf7 window]
[    0.938620] pci_bus 0000:00: resource 5 [io  0x0d00-0xffff window]
[    0.939548] pci_bus 0000:00: resource 6 [mem 0x000a0000-0x000bffff window]
[    0.939590] pci_bus 0000:00: resource 7 [mem 0x20000000-0xfebfffff window]
[    0.941779] pci_bus 0000:00: resource 8 [mem 0x100000000-0x17fffffff window]
[    0.943606] pci 0000:00:01.0: PIIX3: Enabling Passive Release
[    0.944677] pci 0000:00:00.0: Limiting direct PCI/PCI transfers
[    0.946550] PCI: CLS 0 bytes, default 64
[    0.963433] Initialise system trusted keyrings
[    0.971464] workingset: timestamp_bits=56 max_order=17 bucket_order=0
[    1.117774] Key type asymmetric registered
[    1.118710] Asymmetric key parser 'x509' registered
[    1.119537] Block layer SCSI generic (bsg) driver version 0.4 loaded (major 252)
[    1.128125] io scheduler mq-deadline registered
[    1.128434] io scheduler kyber registered
[    1.138448] Unpacking initramfs...
[    1.139645] input: Power Button as /devices/LNXSYSTM:00/LNXPWRBN:00/input/input0
[    1.153455] ACPI: button: Power Button [PWRF]
[    1.169419] Serial: 8250/16550 driver, 4 ports, IRQ sharing enabled
[    1.181207] 00:04: ttyS0 at I/O 0x3f8 (irq = 4, base_baud = 115200) is a 16550A
[    1.199603] Non-volatile memory driver v1.3
[    1.200467] Linux agpgart interface v0.103
[    1.204389] ACPI: bus type drm_connector registered
[    1.256409] loop: module loaded
[    1.284440] scsi host0: ata_piix
[    1.291865] scsi host1: ata_piix
[    1.292444] ata1: PATA max MWDMA2 cmd 0x1f0 ctl 0x3f6 bmdma 0xc040 irq 14 lpm-pol 0
[    1.292444] ata2: PATA max MWDMA2 cmd 0x170 ctl 0x376 bmdma 0xc048 irq 15 lpm-pol 0
[    1.312454] i8042: PNP: PS/2 Controller [PNP0303:KBD,PNP0f13:MOU] at 0x60,0x64 irq 1,12
[    1.322939] serio: i8042 KBD port at 0x60,0x64 irq 1
[    1.323485] serio: i8042 AUX port at 0x60,0x64 irq 12
[    1.331623] rtc_cmos 00:05: RTC can wake from S4
[    1.337915] input: AT Translated Set 2 keyboard as /devices/platform/i8042/serio0/input/input1
[    1.351148] rtc_cmos 00:05: registered as rtc0
[    1.357537] rtc_cmos 00:05: alarms up to one day, y3k, 242 bytes nvram, hpet irqs
[    1.361784] Freeing initrd memory: 1304K
[    1.364540] device-mapper: ioctl: 4.48.0-ioctl (2023-03-01) initialised: dm-devel@lists.linux.dev
[    1.366480] amd_pstate: the _CPC object is not present in SBIOS or ACPI disabled
[    1.367506] hid: raw HID events driver (C) Jiri Kosina
[    1.371491] IPI shorthand broadcast: enabled
[    1.390377] sched_clock: Marking stable (1245363785, 144148244)->(1777383790, -387871761)
[    1.393965] Loading compiled-in X.509 certificates
[    1.405215] Demotion targets for Node 0: null
[    1.409355] PM:   Magic number: 6:363:81
[    1.412608] Warning: unable to open an initial console.
[    1.523754] ata2: found unknown device (class 0)
[    1.531669] ata2.00: ATAPI: QEMU DVD-ROM, 2.5+, max UDMA/100
[    1.545370] scsi 1:0:0:0: CD-ROM            QEMU     QEMU DVD-ROM     2.5+ PQ: 0 ANSI: 5
[    1.561162] sr 1:0:0:0: [sr0] scsi3-mmc drive: 4x/4x cd/rw xa/form2 tray
[    1.571366] cdrom: Uniform CD-ROM driver Revision: 3.20
[    1.581720] sr 1:0:0:0: Attached scsi generic sg0 type 5
[    1.634817] Freeing unused kernel image (initmem) memory: 3460K
[    1.636076] Write protecting the kernel read-only data: 20480k
[    1.638692] Freeing unused kernel image (rodata/data gap) memory: 1708K
[    1.794360] x86/mm: Checked W+X mappings: passed, no W+X pages found.
[    1.797497] input: ImExPS/2 Generic Explorer Mouse as /devices/platform/i8042/serio1/input/input3
[    1.799941] Run /init as init process
[    1.898717] mount (45) used greatest stack depth: 14152 bytes left
Aegis guest: initramfs up, device tree:
crw-r--r--    1 0        0           4,  64 Aug 18 14:04 [1;35m/dev/ttyS0[m
Aegis guest: uname: Linux (none) 6.12.103 #2 SMP PREEMPT_DYNAMIC Tue Aug 18 02:41:23 UTC 2026 x86_64 GNU/Linux
[    1.972937] tsc: Refined TSC clocksource calibration: 1689.599 MHz
[    1.974332] clocksource: tsc: mask: 0xffffffffffffffff max_cycles: 0x185ac5ca321, max_idle_ns: 440795231783 ns
[    1.978457] clocksource: Switched to clocksource tsc
Aegis guest: shell: BusyBox v1.37.0 (2026-08-18 01:32:08 UTC) multi-call binary.
Aegis guest: invoking interactive shell on ttyS0 (this is the Phase U DoD point)
/bin/sh: can't access tty; job control turned off
~ # echo "Aegis guest: interactive session begins"
Aegis guest: interactive session begins
~ # uname -a
Linux (none) 6.12.103 #2 SMP PREEMPT_DYNAMIC Tue Aug 18 02:41:23 UTC 2026 x86_64 GNU/Linux
~ # busybox | head -1
BusyBox v1.37.0 (2026-08-18 01:32:08 UTC) multi-call binary.
~ # ls /bin | head -8
arch
ash
base32
base64
busybox
cat
chattr
chgrp
~ # echo "hello-from-guest-shell"
hello-from-guest-shell
~ # echo "--- Phase V: guest apps ---"
--- Phase V: guest apps ---
~ # calc "6 * 7"
42
~ # calc "2^10"
1024
~ # fib 12
0 1 1 2 3 5 8 13 21 34 55 89 
~ # echo "the quick brown fox jumps over the lazy dog" | wordcount
        1         9        44
~ # sysinfo
== Aegis guest sysinfo ==
kernel: 6.12.103
host:   (none)
[   15.348679] date (73) used greatest stack depth: 14144 bytes left
date:   Tue Aug 18 14:04:50 UTC 2026
uptime:  14:04:50 up 0 min,  0 users,  load average: 0.00, 0.00, 0.00
grep: /proc/meminfo: No such file or directory
mem:    
ps: can't open '/proc': No such file or directory
procs:  1 (incl. header)
~ # filedemo
[   16.450294] tar (82) used greatest stack depth: 13824 bytes left
archive contents:
bin/busybox
bin/echo
extracted files:
[1;32mbusybox[m  [1;36mecho[m
checksum comparison (must match):
198c0144fc34df609da629151a1e1818  /bin/busybox
198c0144fc34df609da629151a1e1818  out/bin/busybox
~ # echo "Aegis guest: Phase V apps complete"
Aegis guest: Phase V apps complete
~ # poweroff -f
[   18.609600] ACPI: PM: Preparing to enter system sleep state S5
[   18.611294] reboot: Power down
